// Vitest Snapshot v1, https://vitest.dev/guide/snapshot.html

exports[`ゴールデン(挙動保持の回帰検知) > シード12345・固定方針120手の最終状態が変わらない 1`] = `
{
  "armor": null,
  "beastSample": [
    {
      "alive": false,
      "awake": true,
      "carry": null,
      "home": [
        -12,
        -12,
        2,
      ],
      "homeChamber": 2,
      "hp": 0,
      "id": 1,
      "kind": "rat",
      "layerCeil": -9,
      "layerFloor": -13,
      "pos": [
        -11,
        -10,
        3,
      ],
      "status": null,
    },
    {
      "alive": false,
      "awake": true,
      "carry": null,
      "home": [
        -12,
        -12,
        2,
      ],
      "homeChamber": 2,
      "hp": 0,
      "id": 2,
      "kind": "rat",
      "layerCeil": -9,
      "layerFloor": -13,
      "pos": [
        -12,
        -13,
        3,
      ],
      "status": null,
    },
    {
      "alive": false,
      "awake": true,
      "carry": null,
      "home": [
        -20,
        -19,
        -3,
      ],
      "homeChamber": 3,
      "hp": 0,
      "id": 3,
      "kind": "ghoul",
      "layerCeil": -18,
      "layerFloor": -23,
      "pos": [
        -20,
        -18,
        -2,
      ],
      "status": null,
    },
    {
      "alive": false,
      "awake": true,
      "carry": null,
      "home": [
        -20,
        -19,
        -3,
      ],
      "homeChamber": 3,
      "hp": 0,
      "id": 4,
      "kind": "bat",
      "layerCeil": -16,
      "layerFloor": -24,
      "pos": [
        -19,
        -17,
        0,
      ],
      "status": null,
    },
  ],
  "beastsAlive": 1,
  "chambers": 5,
  "deathCause": "グール",
  "discovered": 360,
  "groundItems": 3,
  "hp": 0,
  "kills": 5,
  "lightLevel": 1,
  "maxDepth": 8,
  "maxHp": 24,
  "open": 397,
  "pack": [
    {
      "item": "knife",
      "q": 0,
    },
    {
      "item": "knife",
      "q": 0,
    },
  ],
  "phase": "dead",
  "pos": [
    -25,
    -24,
    -11,
  ],
  "stubs": 10,
  "turn": 65,
  "visited": [
    0,
    1,
    2,
    3,
    4,
  ],
  "weapon": {
    "item": "dagger",
    "q": 0,
  },
}
`;
